
> enzyme-explorer@0.1.0 build
> tsc --noEmit && vite build

vite v8.3.0 building client environment for production...
transforming...
✓ 77 modules transformed.
rendering chunks...
computing gzip size...
dist/index.html                                 1.36 kB │ gzip:   0.86 kB
dist/assets/2CBA-KgaqpoRL.pdb                 219.51 kB
dist/assets/HormonalRegulation-BsWAH9y1.css    17.56 kB │ gzip:   4.19 kB
dist/assets/index-pC_3Xwfi.css                 22.00 kB │ gzip:   5.41 kB
dist/assets/Segmented-jP70VvD7.js              11.78 kB │ gzip:   4.87 kB
dist/assets/StructureViewer-C9XoSt4q.js        22.81 kB │ gzip:   8.69 kB
dist/assets/HormonalRegulation-XWN-TENB.js     30.92 kB │ gzip:   9.28 kB
dist/assets/CarbonicAnhydraseLab-BQcJf3Xb.js   36.78 kB │ gzip:  11.53 kB
dist/assets/index-55yHwbJm.js                 300.62 kB │ gzip:  92.44 kB
dist/assets/three-DBUjQsI8.js                 510.63 kB │ gzip: 127.81 kB
dist/assets/ProteinStructure-DRAyHwFp.js      582.20 kB │ gzip: 149.98 kB

✓ built in 250ms
[plugin builtin:vite-reporter]
(!) Some chunks are larger than 500 kB after minification. Consider:
- Using dynamic import() to code-split the application
- Use build.rolldownOptions.output.codeSplitting to improve chunking: https://rolldown.rs/reference/OutputOptions.codeSplitting
- Adjust chunk size limit for this warning via build.chunkSizeWarningLimit.
