
> enzyme-explorer@0.1.0 build
> tsc --noEmit && vite build

vite v8.3.0 building client environment for production...
transforming...
✓ 76 modules transformed.
rendering chunks...
computing gzip size...
dist/index.html                                 1.36 kB │ gzip:   0.86 kB
dist/assets/2CBA-KgaqpoRL.pdb                 219.51 kB
dist/assets/HormonalRegulation-Duq-7p4g.css    17.56 kB │ gzip:   4.19 kB
dist/assets/index-BT0edmsN.css                 21.23 kB │ gzip:   5.25 kB
dist/assets/Segmented-jP70VvD7.js              11.78 kB │ gzip:   4.87 kB
dist/assets/StructureViewer-C9XoSt4q.js        22.81 kB │ gzip:   8.69 kB
dist/assets/HormonalRegulation-BODPviWf.js     30.19 kB │ gzip:   8.98 kB
dist/assets/CarbonicAnhydraseLab-DUQ1Yd8s.js   36.78 kB │ gzip:  11.53 kB
dist/assets/index-db-N3Itu.js                 295.97 kB │ gzip:  91.35 kB
dist/assets/three-DBUjQsI8.js                 510.63 kB │ gzip: 127.81 kB
dist/assets/ProteinStructure-D7WYh_FL.js      582.20 kB │ gzip: 149.98 kB

✓ built in 1.46s
[plugin builtin:vite-reporter] 
(!) Some chunks are larger than 500 kB after minification. Consider:
- Using dynamic import() to code-split the application
- Use build.rolldownOptions.output.codeSplitting to improve chunking: https://rolldown.rs/reference/OutputOptions.codeSplitting
- Adjust chunk size limit for this warning via build.chunkSizeWarningLimit.
