warning: in the working copy of 'src/app/App.tsx', LF will be replaced by CRLF the next time Git touches it
warning: in the working copy of 'src/app/useHashModule.ts', LF will be replaced by CRLF the next time Git touches it
warning: in the working copy of 'src/modules/carbonic-anhydrase/CarbonicAnhydraseLab.tsx', LF will be replaced by CRLF the next time Git touches it
warning: in the working copy of 'src/modules/carbonic-anhydrase/ChemistryPanel.tsx', LF will be replaced by CRLF the next time Git touches it
warning: in the working copy of 'src/modules/kinetics/InitialVelocityPanel.tsx', LF will be replaced by CRLF the next time Git touches it
warning: in the working copy of 'src/modules/kinetics/KineticsLab.tsx', LF will be replaced by CRLF the next time Git touches it
warning: in the working copy of 'src/modules/kinetics/MechanisticCaveatPanel.tsx', LF will be replaced by CRLF the next time Git touches it
warning: in the working copy of 'src/modules/kinetics/MichaelisMentenPanel.tsx', LF will be replaced by CRLF the next time Git touches it
warning: in the working copy of 'src/modules/kinetics/MichaelisMentenPlot.tsx', LF will be replaced by CRLF the next time Git touches it
warning: in the working copy of 'src/modules/kinetics/ProgressCurvePlot.tsx', LF will be replaced by CRLF the next time Git touches it
warning: in the working copy of 'src/modules/notes/ModelNotes.tsx', LF will be replaced by CRLF the next time Git touches it
warning: in the working copy of 'src/modules/reaction-energy/EnergyDiagram.tsx', LF will be replaced by CRLF the next time Git touches it
warning: in the working copy of 'src/modules/reaction-energy/ReactionEnergyLab.tsx', LF will be replaced by CRLF the next time Git touches it
warning: in the working copy of 'src/modules/reaction-energy/energyProfile.ts', LF will be replaced by CRLF the next time Git touches it
warning: in the working copy of 'src/modules/regulation/Diagrams.tsx', LF will be replaced by CRLF the next time Git touches it
warning: in the working copy of 'src/modules/regulation/HormonalRegulation.tsx', LF will be replaced by CRLF the next time Git touches it
warning: in the working copy of 'src/modules/regulation/regulation.css', LF will be replaced by CRLF the next time Git touches it
warning: in the working copy of 'src/shared/components/ModuleHeader.tsx', LF will be replaced by CRLF the next time Git touches it
warning: in the working copy of 'src/shared/components/Prediction.tsx', LF will be replaced by CRLF the next time Git touches it
warning: in the working copy of 'src/styles.css', LF will be replaced by CRLF the next time Git touches it
