
> enzyme-explorer@0.1.0 build
> tsc --noEmit && vite build

vite v8.3.0 building client environment for production...
transforming...
✓ 77 modules transformed.
rendering chunks...
computing gzip size...
dist/index.html                                 1.36 kB │ gzip:   0.86 kB
dist/assets/2CBA-KgaqpoRL.pdb                 219.51 kB
dist/assets/HormonalRegulation-BsWAH9y1.css    17.56 kB │ gzip:   4.19 kB
dist/assets/index-BD3wpIFK.css                 22.63 kB │ gzip:   5.52 kB
dist/assets/Segmented-jP70VvD7.js              11.78 kB │ gzip:   4.87 kB
dist/assets/StructureViewer-C9XoSt4q.js        22.81 kB │ gzip:   8.69 kB
dist/assets/HormonalRegulation-GRfbBGmJ.js     30.96 kB │ gzip:   9.30 kB
dist/assets/CarbonicAnhydraseLab-DhzDD76x.js   36.78 kB │ gzip:  11.53 kB
dist/assets/index-3jQbvscF.js                 302.11 kB │ gzip:  92.81 kB
dist/assets/three-DBUjQsI8.js                 510.63 kB │ gzip: 127.81 kB
dist/assets/ProteinStructure-C8MMt1Al.js      582.20 kB │ gzip: 149.98 kB

✓ built in 290ms
[plugin builtin:vite-reporter] 
(!) Some chunks are larger than 500 kB after minification. Consider:
- Using dynamic import() to code-split the application
- Use build.rolldownOptions.output.codeSplitting to improve chunking: https://rolldown.rs/reference/OutputOptions.codeSplitting
- Adjust chunk size limit for this warning via build.chunkSizeWarningLimit.
